1: CD19 FunctionsAndParamPassing
2: 
3: constants
4:     COUNT = 10
5: 
6: types
7:     student is
8:         id : integer,
9:         mark : integer
10:     end
11: 
12: students is array [COUNT] of student
13: 
14: arrays
15:     classA : students,
16:     classB : students
17: 
18: function averageMark(class : students) : real
19:     sum : integer,
20:     average : real,
21:     i : integer
22: begin
23:     for(i = 0,sum=0; i < COUNT)
24:         sum += class[i].mark;
25:         i = i+1;
26:     end
27: 
28:     average = sum / COUNT;
29:     return average;
30: end
31: 
32: function forceFail(class : students) : void
33:     i : integer
34: begin
35:     for(i = 0; i < COUNT)
36:         class[i].mark = 0;
37:         i = i+1;
38:     end
39: 
40:     return;
41: end
42: 
43: 
44: function sumTwoInts(a : integer, b : integer) : integer
45:     sum : integer
46: begin
47:     sum = a + b;
48:     return sum;
49: end
50: 
51: main
52:     myavg : real,
53:     x : integer,
54:     y : integer,
55:     summedNumbers : integer
56: begin
57: /--forceFail(classA);
58: myavg = averageMark(classB);
59: summedNumbers = sumTwoInts(x,y);
60: 
61: end
62: 
63: CD19 FunctionsAndParamPassing
